// Jest Snapshot v1, https://goo.gl/fbAQLP

exports[`CompanyInfo has right snapshot with all requirements completed 1`] = `
<div>
  <h2>
    CompanyInfo | Testing Props, Placerholder Text, Events, States, Snapshots
  </h2>
  <h3
    data-testid="companyName"
  >
    Cognizant
  </h3>
  <hr />
  <p
    data-testid="foundedYearElement"
    style={
      Object {
        "color": "rgb(0, 255, 0)",
      }
    }
  >
    Founded in: 
    2006
  </p>
  <p
    data-testid="employeeCountElement"
  >
    Employee Count : 
  </p>
  <input
    onChange={[Function]}
    placeholder="Enter Your Country Name"
    type="text"
    value="USA"
  />
  <p
    data-testid="visitCognizant"
  >
    Visit Cognizant 
    USA
     Website
  </p>
  <hr />
  <button
    className="btn btn-primary"
    data-testid="classNameElement"
  >
    Join Cognizant
  </button>
</div>
`;
